// Jest Snapshot v1, https://goo.gl/fbAQLP

exports[`renders DownloadKeyPage 1`] = `
<main
  class="sc-htpNat eUEnuv"
>
  <div
    class="sc-bxivhb fEFIwD"
  >
    <div
      class="sc-ifAKCX cObZIz"
    >
      <h1>
        Download Key
      </h1>
    </div>
  </div>
</main>
`;
