// Jest Snapshot v1, https://goo.gl/fbAQLP

exports[`renders TallyPage 1`] = `
<main
  class="sc-bdVaJa iiFDUH"
>
  <div
    class="sc-bwzfXH jAEsws"
  >
    <div
      class="sc-htpNat chxRAJ"
    >
      <h1>
        Tally Votes
      </h1>
    </div>
  </div>
</main>
`;
