// Jest Snapshot v1, https://goo.gl/fbAQLP

exports[`renders ButtonBar 1`] = `
<nav
  class="sc-bdVaJa bjTiK"
>
  foo
</nav>
`;
