// Jest Snapshot v1, https://goo.gl/fbAQLP

exports[`centers centered style 1`] = `
<p
  class="sc-bdVaJa bApkjD"
>
  Centered Text?
</p>
`;

exports[`displays error style 1`] = `
<p
  class="sc-bdVaJa iGcpUZ"
>
  Error Text?
</p>
`;

exports[`displays muted style 1`] = `
<p
  class="sc-bdVaJa WYgMq"
>
  Muted Text?
</p>
`;

exports[`outputs "span" tag specified by "as" prop 1`] = `
<span
  class="sc-bdVaJa gemIuj"
>
  Text in a span?
</span>
`;

exports[`outputs paragraph tag 1`] = `
<p
  class="sc-bdVaJa gemIuj"
>
  paragraph
</p>
`;
